// Jest Snapshot v1, https://goo.gl/fbAQLP

exports[`Pruebas en el archivo GifGrid.js debe mostrarse correctamente 1`] = `
<Fragment>
  <h3
    className="animate__fadeIn"
  >
    Mia
  </h3>
  <div
    className="card-grid"
  >
    <p
      className="animate__flash"
    >
      Loading...
    </p>
  </div>
</Fragment>
`;
